   Compiling rustafari v0.1.0 (file:///D:/rust/rustafari)
src\indexmanager.rs:42:20: 42:21 error: mismatched types:
 expected `std::sync::mutex::Mutex<indexmanager::IndexEntry>`,
    found `&std::sync::mutex::Mutex<indexmanager::IndexEntry>`
(expected struct `std::sync::mutex::Mutex`,
    found &-ptr) [E0308]
src\indexmanager.rs:42 			Some(e) => Some(e),
                       			                ^
src\indexmanager.rs:42:20: 42:21 help: run `rustc --explain E0308` to see a detailed explanation
src\indexmanager.rs:49:25: 49:36 error: mismatched types:
 expected `std::sync::mutex::Mutex<indexmanager::IndexEntry>`,
    found `indexmanager::IndexEntry`
(expected struct `std::sync::mutex::Mutex`,
    found struct `indexmanager::IndexEntry`) [E0308]
src\indexmanager.rs:49 		self.index.insert(key,index_entry);
                       		                      ^~~~~~~~~~~
src\indexmanager.rs:49:25: 49:36 help: run `rustc --explain E0308` to see a detailed explanation
src\indexmanager.rs:103:14: 103:19 error: attempted access of field `key` on type `std::sync::mutex::Mutex<indexmanager::IndexEntry>`, but no field with that name was found
src\indexmanager.rs:103 		assert_eq!(e.key,"key1".to_owned());
                        		           ^~~~~
src\indexmanager.rs:103:3: 103:39 note: in this expansion of assert_eq! (defined in <std macros>)
<std macros>:5:8: 5:18 error: the type of this value must be known in this context
<std macros>:5 if ! ( * left_val == * right_val ) {
                      ^~~~~~~~~~
src\indexmanager.rs:103:3: 103:39 note: in this expansion of assert_eq! (defined in <std macros>)
<std macros>:5:22: 5:33 error: the type of this value must be known in this context
<std macros>:5 if ! ( * left_val == * right_val ) {
                                    ^~~~~~~~~~~
src\indexmanager.rs:103:3: 103:39 note: in this expansion of assert_eq! (defined in <std macros>)
src\indexmanager.rs:104:14: 104:20 error: attempted access of field `file` on type `std::sync::mutex::Mutex<indexmanager::IndexEntry>`, but no field with that name was found
src\indexmanager.rs:104 		assert_eq!(e.file,"file1".to_owned());
                        		           ^~~~~~
src\indexmanager.rs:104:3: 104:41 note: in this expansion of assert_eq! (defined in <std macros>)
<std macros>:5:8: 5:18 error: the type of this value must be known in this context
<std macros>:5 if ! ( * left_val == * right_val ) {
                      ^~~~~~~~~~
src\indexmanager.rs:104:3: 104:41 note: in this expansion of assert_eq! (defined in <std macros>)
<std macros>:5:22: 5:33 error: the type of this value must be known in this context
<std macros>:5 if ! ( * left_val == * right_val ) {
                                    ^~~~~~~~~~~
src\indexmanager.rs:104:3: 104:41 note: in this expansion of assert_eq! (defined in <std macros>)
src\indexmanager.rs:105:14: 105:23 error: attempted access of field `off_set` on type `std::sync::mutex::Mutex<indexmanager::IndexEntry>`, but no field with that name was found
src\indexmanager.rs:105 		assert_eq!(e.off_set,100);
                        		           ^~~~~~~~~
src\indexmanager.rs:105:3: 105:29 note: in this expansion of assert_eq! (defined in <std macros>)
<std macros>:5:8: 5:18 error: the type of this value must be known in this context
<std macros>:5 if ! ( * left_val == * right_val ) {
                      ^~~~~~~~~~
src\indexmanager.rs:105:3: 105:29 note: in this expansion of assert_eq! (defined in <std macros>)
<std macros>:5:22: 5:33 error: the type of this value must be known in this context
<std macros>:5 if ! ( * left_val == * right_val ) {
                                    ^~~~~~~~~~~
src\indexmanager.rs:105:3: 105:29 note: in this expansion of assert_eq! (defined in <std macros>)
src\indexmanager.rs:106:14: 106:20 error: attempted access of field `size` on type `std::sync::mutex::Mutex<indexmanager::IndexEntry>`, but no field with that name was found
src\indexmanager.rs:106 		assert_eq!(e.size,100);
                        		           ^~~~~~
src\indexmanager.rs:106:3: 106:26 note: in this expansion of assert_eq! (defined in <std macros>)
<std macros>:5:8: 5:18 error: the type of this value must be known in this context
<std macros>:5 if ! ( * left_val == * right_val ) {
                      ^~~~~~~~~~
src\indexmanager.rs:106:3: 106:26 note: in this expansion of assert_eq! (defined in <std macros>)
<std macros>:5:22: 5:33 error: the type of this value must be known in this context
<std macros>:5 if ! ( * left_val == * right_val ) {
                                    ^~~~~~~~~~~
src\indexmanager.rs:106:3: 106:26 note: in this expansion of assert_eq! (defined in <std macros>)
src\indexmanager.rs:108:14: 108:19 error: attempted access of field `key` on type `std::sync::mutex::Mutex<indexmanager::IndexEntry>`, but no field with that name was found
src\indexmanager.rs:108 		assert_eq!(e.key,"key2".to_owned());
                        		           ^~~~~
src\indexmanager.rs:108:3: 108:39 note: in this expansion of assert_eq! (defined in <std macros>)
<std macros>:5:8: 5:18 error: the type of this value must be known in this context
<std macros>:5 if ! ( * left_val == * right_val ) {
                      ^~~~~~~~~~
src\indexmanager.rs:108:3: 108:39 note: in this expansion of assert_eq! (defined in <std macros>)
<std macros>:5:22: 5:33 error: the type of this value must be known in this context
<std macros>:5 if ! ( * left_val == * right_val ) {
                                    ^~~~~~~~~~~
src\indexmanager.rs:108:3: 108:39 note: in this expansion of assert_eq! (defined in <std macros>)
src\indexmanager.rs:109:14: 109:20 error: attempted access of field `file` on type `std::sync::mutex::Mutex<indexmanager::IndexEntry>`, but no field with that name was found
src\indexmanager.rs:109 		assert_eq!(e.file,"file2".to_owned());
                        		           ^~~~~~
src\indexmanager.rs:109:3: 109:41 note: in this expansion of assert_eq! (defined in <std macros>)
<std macros>:5:8: 5:18 error: the type of this value must be known in this context
<std macros>:5 if ! ( * left_val == * right_val ) {
                      ^~~~~~~~~~
src\indexmanager.rs:109:3: 109:41 note: in this expansion of assert_eq! (defined in <std macros>)
<std macros>:5:22: 5:33 error: the type of this value must be known in this context
<std macros>:5 if ! ( * left_val == * right_val ) {
                                    ^~~~~~~~~~~
src\indexmanager.rs:109:3: 109:41 note: in this expansion of assert_eq! (defined in <std macros>)
src\indexmanager.rs:110:14: 110:23 error: attempted access of field `off_set` on type `std::sync::mutex::Mutex<indexmanager::IndexEntry>`, but no field with that name was found
src\indexmanager.rs:110 		assert_eq!(e.off_set,120);
                        		           ^~~~~~~~~
src\indexmanager.rs:110:3: 110:29 note: in this expansion of assert_eq! (defined in <std macros>)
<std macros>:5:8: 5:18 error: the type of this value must be known in this context
<std macros>:5 if ! ( * left_val == * right_val ) {
                      ^~~~~~~~~~
src\indexmanager.rs:110:3: 110:29 note: in this expansion of assert_eq! (defined in <std macros>)
<std macros>:5:22: 5:33 error: the type of this value must be known in this context
<std macros>:5 if ! ( * left_val == * right_val ) {
                                    ^~~~~~~~~~~
src\indexmanager.rs:110:3: 110:29 note: in this expansion of assert_eq! (defined in <std macros>)
src\indexmanager.rs:111:14: 111:20 error: attempted access of field `size` on type `std::sync::mutex::Mutex<indexmanager::IndexEntry>`, but no field with that name was found
src\indexmanager.rs:111 		assert_eq!(e.size,200);
                        		           ^~~~~~
src\indexmanager.rs:111:3: 111:26 note: in this expansion of assert_eq! (defined in <std macros>)
<std macros>:5:8: 5:18 error: the type of this value must be known in this context
<std macros>:5 if ! ( * left_val == * right_val ) {
                      ^~~~~~~~~~
src\indexmanager.rs:111:3: 111:26 note: in this expansion of assert_eq! (defined in <std macros>)
<std macros>:5:22: 5:33 error: the type of this value must be known in this context
<std macros>:5 if ! ( * left_val == * right_val ) {
                                    ^~~~~~~~~~~
src\indexmanager.rs:111:3: 111:26 note: in this expansion of assert_eq! (defined in <std macros>)
src\indexmanager.rs:120:14: 120:19 error: attempted access of field `key` on type `std::sync::mutex::Mutex<indexmanager::IndexEntry>`, but no field with that name was found
src\indexmanager.rs:120 		assert_eq!(e.key,"key1".to_owned());
                        		           ^~~~~
src\indexmanager.rs:120:3: 120:39 note: in this expansion of assert_eq! (defined in <std macros>)
<std macros>:5:8: 5:18 error: the type of this value must be known in this context
<std macros>:5 if ! ( * left_val == * right_val ) {
                      ^~~~~~~~~~
src\indexmanager.rs:120:3: 120:39 note: in this expansion of assert_eq! (defined in <std macros>)
<std macros>:5:22: 5:33 error: the type of this value must be known in this context
<std macros>:5 if ! ( * left_val == * right_val ) {
                                    ^~~~~~~~~~~
src\indexmanager.rs:120:3: 120:39 note: in this expansion of assert_eq! (defined in <std macros>)
src\indexmanager.rs:121:14: 121:20 error: attempted access of field `file` on type `std::sync::mutex::Mutex<indexmanager::IndexEntry>`, but no field with that name was found
src\indexmanager.rs:121 		assert_eq!(e.file,"file1".to_owned());
                        		           ^~~~~~
src\indexmanager.rs:121:3: 121:41 note: in this expansion of assert_eq! (defined in <std macros>)
<std macros>:5:8: 5:18 error: the type of this value must be known in this context
<std macros>:5 if ! ( * left_val == * right_val ) {
                      ^~~~~~~~~~
src\indexmanager.rs:121:3: 121:41 note: in this expansion of assert_eq! (defined in <std macros>)
<std macros>:5:22: 5:33 error: the type of this value must be known in this context
<std macros>:5 if ! ( * left_val == * right_val ) {
                                    ^~~~~~~~~~~
src\indexmanager.rs:121:3: 121:41 note: in this expansion of assert_eq! (defined in <std macros>)
src\indexmanager.rs:122:14: 122:23 error: attempted access of field `off_set` on type `std::sync::mutex::Mutex<indexmanager::IndexEntry>`, but no field with that name was found
src\indexmanager.rs:122 		assert_eq!(e.off_set,100);
                        		           ^~~~~~~~~
src\indexmanager.rs:122:3: 122:29 note: in this expansion of assert_eq! (defined in <std macros>)
<std macros>:5:8: 5:18 error: the type of this value must be known in this context
<std macros>:5 if ! ( * left_val == * right_val ) {
                      ^~~~~~~~~~
src\indexmanager.rs:122:3: 122:29 note: in this expansion of assert_eq! (defined in <std macros>)
<std macros>:5:22: 5:33 error: the type of this value must be known in this context
<std macros>:5 if ! ( * left_val == * right_val ) {
                                    ^~~~~~~~~~~
src\indexmanager.rs:122:3: 122:29 note: in this expansion of assert_eq! (defined in <std macros>)
src\indexmanager.rs:123:14: 123:20 error: attempted access of field `size` on type `std::sync::mutex::Mutex<indexmanager::IndexEntry>`, but no field with that name was found
src\indexmanager.rs:123 		assert_eq!(e.size,100);
                        		           ^~~~~~
src\indexmanager.rs:123:3: 123:26 note: in this expansion of assert_eq! (defined in <std macros>)
<std macros>:5:8: 5:18 error: the type of this value must be known in this context
<std macros>:5 if ! ( * left_val == * right_val ) {
                      ^~~~~~~~~~
src\indexmanager.rs:123:3: 123:26 note: in this expansion of assert_eq! (defined in <std macros>)
<std macros>:5:22: 5:33 error: the type of this value must be known in this context
<std macros>:5 if ! ( * left_val == * right_val ) {
                                    ^~~~~~~~~~~
src\indexmanager.rs:123:3: 123:26 note: in this expansion of assert_eq! (defined in <std macros>)
src\indexmanager.rs:125:14: 125:19 error: attempted access of field `key` on type `std::sync::mutex::Mutex<indexmanager::IndexEntry>`, but no field with that name was found
src\indexmanager.rs:125 		assert_eq!(e.key,"key2".to_owned());
                        		           ^~~~~
src\indexmanager.rs:125:3: 125:39 note: in this expansion of assert_eq! (defined in <std macros>)
<std macros>:5:8: 5:18 error: the type of this value must be known in this context
<std macros>:5 if ! ( * left_val == * right_val ) {
                      ^~~~~~~~~~
src\indexmanager.rs:125:3: 125:39 note: in this expansion of assert_eq! (defined in <std macros>)
<std macros>:5:22: 5:33 error: the type of this value must be known in this context
<std macros>:5 if ! ( * left_val == * right_val ) {
                                    ^~~~~~~~~~~
src\indexmanager.rs:125:3: 125:39 note: in this expansion of assert_eq! (defined in <std macros>)
src\indexmanager.rs:126:14: 126:20 error: attempted access of field `file` on type `std::sync::mutex::Mutex<indexmanager::IndexEntry>`, but no field with that name was found
src\indexmanager.rs:126 		assert_eq!(e.file,"file3".to_owned());
                        		           ^~~~~~
src\indexmanager.rs:126:3: 126:41 note: in this expansion of assert_eq! (defined in <std macros>)
<std macros>:5:8: 5:18 error: the type of this value must be known in this context
<std macros>:5 if ! ( * left_val == * right_val ) {
                      ^~~~~~~~~~
src\indexmanager.rs:126:3: 126:41 note: in this expansion of assert_eq! (defined in <std macros>)
<std macros>:5:22: 5:33 error: the type of this value must be known in this context
<std macros>:5 if ! ( * left_val == * right_val ) {
                                    ^~~~~~~~~~~
src\indexmanager.rs:126:3: 126:41 note: in this expansion of assert_eq! (defined in <std macros>)
src\indexmanager.rs:127:14: 127:23 error: attempted access of field `off_set` on type `std::sync::mutex::Mutex<indexmanager::IndexEntry>`, but no field with that name was found
src\indexmanager.rs:127 		assert_eq!(e.off_set,1000);
                        		           ^~~~~~~~~
src\indexmanager.rs:127:3: 127:30 note: in this expansion of assert_eq! (defined in <std macros>)
<std macros>:5:8: 5:18 error: the type of this value must be known in this context
<std macros>:5 if ! ( * left_val == * right_val ) {
                      ^~~~~~~~~~
src\indexmanager.rs:127:3: 127:30 note: in this expansion of assert_eq! (defined in <std macros>)
<std macros>:5:22: 5:33 error: the type of this value must be known in this context
<std macros>:5 if ! ( * left_val == * right_val ) {
                                    ^~~~~~~~~~~
src\indexmanager.rs:127:3: 127:30 note: in this expansion of assert_eq! (defined in <std macros>)
src\indexmanager.rs:128:14: 128:20 error: attempted access of field `size` on type `std::sync::mutex::Mutex<indexmanager::IndexEntry>`, but no field with that name was found
src\indexmanager.rs:128 		assert_eq!(e.size,10);
                        		           ^~~~~~
src\indexmanager.rs:128:3: 128:25 note: in this expansion of assert_eq! (defined in <std macros>)
<std macros>:5:8: 5:18 error: the type of this value must be known in this context
<std macros>:5 if ! ( * left_val == * right_val ) {
                      ^~~~~~~~~~
src\indexmanager.rs:128:3: 128:25 note: in this expansion of assert_eq! (defined in <std macros>)
<std macros>:5:22: 5:33 error: the type of this value must be known in this context
<std macros>:5 if ! ( * left_val == * right_val ) {
                                    ^~~~~~~~~~~
src\indexmanager.rs:128:3: 128:25 note: in this expansion of assert_eq! (defined in <std macros>)
src\indexmanager.rs:137:14: 137:19 error: attempted access of field `key` on type `std::sync::mutex::Mutex<indexmanager::IndexEntry>`, but no field with that name was found
src\indexmanager.rs:137 		assert_eq!(e.key,"key1".to_owned());
                        		           ^~~~~
src\indexmanager.rs:137:3: 137:39 note: in this expansion of assert_eq! (defined in <std macros>)
<std macros>:5:8: 5:18 error: the type of this value must be known in this context
<std macros>:5 if ! ( * left_val == * right_val ) {
                      ^~~~~~~~~~
src\indexmanager.rs:137:3: 137:39 note: in this expansion of assert_eq! (defined in <std macros>)
<std macros>:5:22: 5:33 error: the type of this value must be known in this context
<std macros>:5 if ! ( * left_val == * right_val ) {
                                    ^~~~~~~~~~~
src\indexmanager.rs:137:3: 137:39 note: in this expansion of assert_eq! (defined in <std macros>)
src\indexmanager.rs:138:14: 138:20 error: attempted access of field `file` on type `std::sync::mutex::Mutex<indexmanager::IndexEntry>`, but no field with that name was found
src\indexmanager.rs:138 		assert_eq!(e.file,"file1".to_owned());
                        		           ^~~~~~
src\indexmanager.rs:138:3: 138:41 note: in this expansion of assert_eq! (defined in <std macros>)
<std macros>:5:8: 5:18 error: the type of this value must be known in this context
<std macros>:5 if ! ( * left_val == * right_val ) {
                      ^~~~~~~~~~
src\indexmanager.rs:138:3: 138:41 note: in this expansion of assert_eq! (defined in <std macros>)
<std macros>:5:22: 5:33 error: the type of this value must be known in this context
<std macros>:5 if ! ( * left_val == * right_val ) {
                                    ^~~~~~~~~~~
src\indexmanager.rs:138:3: 138:41 note: in this expansion of assert_eq! (defined in <std macros>)
src\indexmanager.rs:139:14: 139:23 error: attempted access of field `off_set` on type `std::sync::mutex::Mutex<indexmanager::IndexEntry>`, but no field with that name was found
src\indexmanager.rs:139 		assert_eq!(e.off_set,100);
                        		           ^~~~~~~~~
src\indexmanager.rs:139:3: 139:29 note: in this expansion of assert_eq! (defined in <std macros>)
<std macros>:5:8: 5:18 error: the type of this value must be known in this context
<std macros>:5 if ! ( * left_val == * right_val ) {
                      ^~~~~~~~~~
src\indexmanager.rs:139:3: 139:29 note: in this expansion of assert_eq! (defined in <std macros>)
<std macros>:5:22: 5:33 error: the type of this value must be known in this context
<std macros>:5 if ! ( * left_val == * right_val ) {
                                    ^~~~~~~~~~~
src\indexmanager.rs:139:3: 139:29 note: in this expansion of assert_eq! (defined in <std macros>)
src\indexmanager.rs:140:14: 140:20 error: attempted access of field `size` on type `std::sync::mutex::Mutex<indexmanager::IndexEntry>`, but no field with that name was found
src\indexmanager.rs:140 		assert_eq!(e.size,100);
                        		           ^~~~~~
src\indexmanager.rs:140:3: 140:26 note: in this expansion of assert_eq! (defined in <std macros>)
<std macros>:5:8: 5:18 error: the type of this value must be known in this context
<std macros>:5 if ! ( * left_val == * right_val ) {
                      ^~~~~~~~~~
src\indexmanager.rs:140:3: 140:26 note: in this expansion of assert_eq! (defined in <std macros>)
<std macros>:5:22: 5:33 error: the type of this value must be known in this context
<std macros>:5 if ! ( * left_val == * right_val ) {
                                    ^~~~~~~~~~~
src\indexmanager.rs:140:3: 140:26 note: in this expansion of assert_eq! (defined in <std macros>)
src\indexmanager.rs:142:14: 142:19 error: attempted access of field `key` on type `std::sync::mutex::Mutex<indexmanager::IndexEntry>`, but no field with that name was found
src\indexmanager.rs:142 		assert_eq!(e.key,"key2".to_owned());
                        		           ^~~~~
src\indexmanager.rs:142:3: 142:39 note: in this expansion of assert_eq! (defined in <std macros>)
<std macros>:5:8: 5:18 error: the type of this value must be known in this context
<std macros>:5 if ! ( * left_val == * right_val ) {
                      ^~~~~~~~~~
src\indexmanager.rs:142:3: 142:39 note: in this expansion of assert_eq! (defined in <std macros>)
<std macros>:5:22: 5:33 error: the type of this value must be known in this context
<std macros>:5 if ! ( * left_val == * right_val ) {
                                    ^~~~~~~~~~~
src\indexmanager.rs:142:3: 142:39 note: in this expansion of assert_eq! (defined in <std macros>)
src\indexmanager.rs:143:14: 143:20 error: attempted access of field `file` on type `std::sync::mutex::Mutex<indexmanager::IndexEntry>`, but no field with that name was found
src\indexmanager.rs:143 		assert_eq!(e.file,"file2".to_owned());
                        		           ^~~~~~
src\indexmanager.rs:143:3: 143:41 note: in this expansion of assert_eq! (defined in <std macros>)
<std macros>:5:8: 5:18 error: the type of this value must be known in this context
<std macros>:5 if ! ( * left_val == * right_val ) {
                      ^~~~~~~~~~
src\indexmanager.rs:143:3: 143:41 note: in this expansion of assert_eq! (defined in <std macros>)
<std macros>:5:22: 5:33 error: the type of this value must be known in this context
<std macros>:5 if ! ( * left_val == * right_val ) {
                                    ^~~~~~~~~~~
src\indexmanager.rs:143:3: 143:41 note: in this expansion of assert_eq! (defined in <std macros>)
src\indexmanager.rs:144:14: 144:23 error: attempted access of field `off_set` on type `std::sync::mutex::Mutex<indexmanager::IndexEntry>`, but no field with that name was found
src\indexmanager.rs:144 		assert_eq!(e.off_set,120);
                        		           ^~~~~~~~~
src\indexmanager.rs:144:3: 144:29 note: in this expansion of assert_eq! (defined in <std macros>)
<std macros>:5:8: 5:18 error: the type of this value must be known in this context
<std macros>:5 if ! ( * left_val == * right_val ) {
                      ^~~~~~~~~~
src\indexmanager.rs:144:3: 144:29 note: in this expansion of assert_eq! (defined in <std macros>)
<std macros>:5:22: 5:33 error: the type of this value must be known in this context
<std macros>:5 if ! ( * left_val == * right_val ) {
                                    ^~~~~~~~~~~
src\indexmanager.rs:144:3: 144:29 note: in this expansion of assert_eq! (defined in <std macros>)
src\indexmanager.rs:145:14: 145:20 error: attempted access of field `size` on type `std::sync::mutex::Mutex<indexmanager::IndexEntry>`, but no field with that name was found
src\indexmanager.rs:145 		assert_eq!(e.size,200);
                        		           ^~~~~~
src\indexmanager.rs:145:3: 145:26 note: in this expansion of assert_eq! (defined in <std macros>)
<std macros>:5:8: 5:18 error: the type of this value must be known in this context
<std macros>:5 if ! ( * left_val == * right_val ) {
                      ^~~~~~~~~~
src\indexmanager.rs:145:3: 145:26 note: in this expansion of assert_eq! (defined in <std macros>)
<std macros>:5:22: 5:33 error: the type of this value must be known in this context
<std macros>:5 if ! ( * left_val == * right_val ) {
                                    ^~~~~~~~~~~
src\indexmanager.rs:145:3: 145:26 note: in this expansion of assert_eq! (defined in <std macros>)
src\indexmanager.rs:168:14: 168:19 error: attempted access of field `key` on type `std::sync::mutex::Mutex<indexmanager::IndexEntry>`, but no field with that name was found
src\indexmanager.rs:168 		assert_eq!(e.key,"key1".to_owned());
                        		           ^~~~~
src\indexmanager.rs:168:3: 168:39 note: in this expansion of assert_eq! (defined in <std macros>)
<std macros>:5:8: 5:18 error: the type of this value must be known in this context
<std macros>:5 if ! ( * left_val == * right_val ) {
                      ^~~~~~~~~~
src\indexmanager.rs:168:3: 168:39 note: in this expansion of assert_eq! (defined in <std macros>)
<std macros>:5:22: 5:33 error: the type of this value must be known in this context
<std macros>:5 if ! ( * left_val == * right_val ) {
                                    ^~~~~~~~~~~
src\indexmanager.rs:168:3: 168:39 note: in this expansion of assert_eq! (defined in <std macros>)
src\indexmanager.rs:169:14: 169:20 error: attempted access of field `file` on type `std::sync::mutex::Mutex<indexmanager::IndexEntry>`, but no field with that name was found
src\indexmanager.rs:169 		assert_eq!(e.file,"file1".to_owned());
                        		           ^~~~~~
src\indexmanager.rs:169:3: 169:41 note: in this expansion of assert_eq! (defined in <std macros>)
<std macros>:5:8: 5:18 error: the type of this value must be known in this context
<std macros>:5 if ! ( * left_val == * right_val ) {
                      ^~~~~~~~~~
src\indexmanager.rs:169:3: 169:41 note: in this expansion of assert_eq! (defined in <std macros>)
<std macros>:5:22: 5:33 error: the type of this value must be known in this context
<std macros>:5 if ! ( * left_val == * right_val ) {
                                    ^~~~~~~~~~~
src\indexmanager.rs:169:3: 169:41 note: in this expansion of assert_eq! (defined in <std macros>)
src\indexmanager.rs:170:14: 170:23 error: attempted access of field `off_set` on type `std::sync::mutex::Mutex<indexmanager::IndexEntry>`, but no field with that name was found
src\indexmanager.rs:170 		assert_eq!(e.off_set,100);
                        		           ^~~~~~~~~
src\indexmanager.rs:170:3: 170:29 note: in this expansion of assert_eq! (defined in <std macros>)
<std macros>:5:8: 5:18 error: the type of this value must be known in this context
<std macros>:5 if ! ( * left_val == * right_val ) {
                      ^~~~~~~~~~
src\indexmanager.rs:170:3: 170:29 note: in this expansion of assert_eq! (defined in <std macros>)
<std macros>:5:22: 5:33 error: the type of this value must be known in this context
<std macros>:5 if ! ( * left_val == * right_val ) {
                                    ^~~~~~~~~~~
src\indexmanager.rs:170:3: 170:29 note: in this expansion of assert_eq! (defined in <std macros>)
src\indexmanager.rs:171:14: 171:20 error: attempted access of field `size` on type `std::sync::mutex::Mutex<indexmanager::IndexEntry>`, but no field with that name was found
src\indexmanager.rs:171 		assert_eq!(e.size,100);
                        		           ^~~~~~
src\indexmanager.rs:171:3: 171:26 note: in this expansion of assert_eq! (defined in <std macros>)
<std macros>:5:8: 5:18 error: the type of this value must be known in this context
<std macros>:5 if ! ( * left_val == * right_val ) {
                      ^~~~~~~~~~
src\indexmanager.rs:171:3: 171:26 note: in this expansion of assert_eq! (defined in <std macros>)
<std macros>:5:22: 5:33 error: the type of this value must be known in this context
<std macros>:5 if ! ( * left_val == * right_val ) {
                                    ^~~~~~~~~~~
src\indexmanager.rs:171:3: 171:26 note: in this expansion of assert_eq! (defined in <std macros>)
error: aborting due to 86 previous errors
Could not compile `rustafari`.

To learn more, run the command again with --verbose.
